// Jest Snapshot v1, https://goo.gl/fbAQLP

exports[`createUpsertSql should compose correct upsert sql 1`] = `"insert into \\"SelfcareIOSubscriptionMigrations\\".\\"migrations\\" (\\"hasBeenVisibleOnce\\", \\"isVisible\\", \\"organizationFiscalCode\\", \\"serviceName\\", \\"serviceVersion\\", \\"sourceEmail\\", \\"sourceId\\", \\"sourceName\\", \\"sourceSurname\\", \\"subscriptionId\\") values (true, true, '12345678901', 'Service Test', 0, 'source email', '01EYNPZXQJF9A2DBTH5GYB951V', 'source name', 'source surname', 'subId1') on conflict (\\"subscriptionId\\") do update set \\"hasBeenVisibleOnce\\" = \\"hasBeenVisibleOnce\\" OR excluded.\\"hasBeenVisibleOnce\\",\\"isVisible\\" = excluded.\\"isVisible\\",\\"organizationFiscalCode\\" = excluded.\\"organizationFiscalCode\\",\\"serviceName\\" = excluded.\\"serviceName\\",\\"serviceVersion\\" = excluded.\\"serviceVersion\\" where \\"migrations\\".\\"status\\" < 'PENDING' and \\"migrations\\".\\"serviceVersion\\" <= excluded.\\"serviceVersion\\""`;

exports[`createUpsertSql should escape single quotes 1`] = `"insert into \\"SelfcareIOSubscriptionMigrations\\".\\"migrations\\" (\\"hasBeenVisibleOnce\\", \\"isVisible\\", \\"organizationFiscalCode\\", \\"serviceName\\", \\"serviceVersion\\", \\"sourceEmail\\", \\"sourceId\\", \\"sourceName\\", \\"sourceSurname\\", \\"subscriptionId\\") values (true, true, '12345678901', 'Service Test', 0, 'l''email', '01EYNPZXQJF9A2DBTH5GYB951V', 'source name', 'source surname', 'subId2') on conflict (\\"subscriptionId\\") do update set \\"hasBeenVisibleOnce\\" = \\"hasBeenVisibleOnce\\" OR excluded.\\"hasBeenVisibleOnce\\",\\"isVisible\\" = excluded.\\"isVisible\\",\\"organizationFiscalCode\\" = excluded.\\"organizationFiscalCode\\",\\"serviceName\\" = excluded.\\"serviceName\\",\\"serviceVersion\\" = excluded.\\"serviceVersion\\" where \\"migrations\\".\\"status\\" < 'PENDING' and \\"migrations\\".\\"serviceVersion\\" <= excluded.\\"serviceVersion\\""`;
